[00:00:00] ORCHESTRATOR: prepared ralph-loop-019
[12:31:37] WORKER START: ralph-loop-019
[12:50:17] TODO DONE: loop-019-1 loop-019-2 loop-019-3 loop-019-4
[12:50:17] WORKER DONE: ralph-loop-019 todos:4/4
[13:03:37] WORKER START: ralph-loop-020
[13:06:10] TODO DONE: loop-020-1
[13:15:50] TODO DONE: loop-020-2
[13:18:47] TODO DONE: loop-020-3
[13:19:22] TODO DONE: loop-020-4
[13:20:13] WORKER DONE: ralph-loop-020 todos:4/4
[13:24:08] WORKER START: ralph-loop-021
[13:25:31] TODO DONE: loop-021-1
[13:26:13] TODO DONE: loop-021-2
[13:27:39] TODO DONE: loop-021-3
[13:30:07] TODO DONE: loop-021-4
[13:31:39] TODO DONE: loop-021-5
[13:32:33] WORKER DONE: ralph-loop-021 todos:5/5
[13:36:08] WORKER START: ralph-loop-022
[13:38:12] TODO DONE: loop-022-1
[13:38:41] TODO DONE: loop-022-2
[13:39:15] TODO DONE: loop-022-3
[13:40:25] TODO DONE: loop-022-4
[13:41:17] TODO DONE: loop-022-5
[13:41:59] WORKER DONE: ralph-loop-022 todos:5/5
[13:57:45] WORKER START: ralph-loop-023
[13:58:47] TODO DONE: loop-023-1
[13:59:23] TODO DONE: loop-023-2
[14:00:22] TODO DONE: loop-023-3
[14:00:59] TODO DONE: loop-023-4
[14:04:23] WORKER DONE: ralph-loop-023 todos:4/4
[14:08:12] WORKER START: ralph-loop-024
[14:13:29] TODO DONE: loop-024-1
[14:14:39] TODO DONE: loop-024-2
[14:14:39] TODO DONE: loop-024-3
[14:14:39] TODO DONE: loop-024-4
[14:14:39] TODO DONE: loop-024-5
[14:15:12] WORKER DONE: ralph-loop-024 todos:5/5
[14:17:48] WORKER START: ralph-loop-025
[14:18:33] TODO DONE: loop-025-1
[14:20:21] TODO DONE: loop-025-2
[14:21:18] TODO DONE: loop-025-3
[14:22:27] TODO DONE: loop-025-4
[14:23:09] TODO DONE: loop-025-5
[14:23:39] WORKER DONE: ralph-loop-025 todos:5/5
[14:25:27] TODO DONE: loop-026-1
[14:26:04] TODO DONE: loop-026-2
[14:26:26] TODO DONE: loop-026-3
[14:27:10] TODO DONE: loop-026-4
[14:27:47] WORKER DONE: ralph-loop-026 todos:4/4
[00:00:00] ORCHESTRATOR: prepared ralph-loop-027
[13:52:00] WORKER START: ralph-loop-027
[13:55:31] TODO DONE: loop-027-1
[13:57:07] TODO DONE: loop-027-2
[13:59:20] TODO DONE: loop-027-3
[13:59:39] TODO DONE: loop-027-4
[14:00:37] TODO DONE: loop-027-5
[14:02:03] TODO DONE: loop-027-6
[14:04:51] TODO DONE: loop-027-7
[14:07:04] TODO DONE: loop-027-8
[14:08:08] WORKER DONE: ralph-loop-027 todos:8/8
[12:18:30] WORKER START: ralph-loop-032
[12:20:29] TODO DONE: loop-032-1
[12:21:19] TODO DONE: loop-032-2
[12:21:43] TODO DONE: loop-032-3
[12:22:25] TODO DONE: loop-032-4
[12:25:18] TODO DONE: loop-032-5
[12:26:42] TODO DONE: loop-032-6
[12:27:27] TODO DONE: loop-032-7
[12:28:13] WORKER DONE: ralph-loop-032 todos:7/7
[12:30:00] ORCHESTRATOR: prepared ralph-loop-033
[12:31:18] WORKER START: ralph-loop-033
[12:31:47] TODO DONE: loop-033-1
[12:32:35] TODO DONE: loop-033-2
[12:32:57] TODO DONE: loop-033-3
[12:33:20] TODO DONE: loop-033-4
[12:34:00] TODO DONE: loop-033-5
[12:34:27] TODO DONE: loop-033-6
[12:35:08] TODO DONE: loop-033-7
[12:35:23] TODO DONE: loop-033-8 (log migrated to .advanced-plans/logs/)
[12:35:58] TODO DONE: loop-033-9 GATE PASSED — git log shows pre-migration commit 5ec7168
[12:37:17] TODO DONE: loop-033-10
[12:38:12] WORKER DONE: ralph-loop-033 todos:10/10
[12:40:29] WORKER START: ralph-loop-034
[12:41:15] TODO DONE: loop-034-1
[12:41:56] TODO DONE: loop-034-2
[12:43:24] TODO DONE: loop-034-3
[12:44:04] TODO DONE: loop-034-4
[12:45:31] TODO DONE: loop-034-5
[12:46:07] TODO DONE: loop-034-6
[12:47:34] TODO DONE: loop-034-7
[12:48:49] TODO DONE: loop-034-8
[12:49:18] TODO DONE: loop-034-9
[12:50:19] WORKER DONE: ralph-loop-034 todos:9/9
[12:51:54] WORKER START: ralph-loop-035
[12:52:24] TODO DONE: loop-035-1
[12:52:56] TODO DONE: loop-035-2
[12:53:10] TODO DONE: loop-035-3
[12:53:31] TODO DONE: loop-035-4
[12:54:23] TODO DONE: loop-035-5
[18:26:20] WORKER START: ralph-loop-037
[18:27:44] TODO DONE: loop-037-1
[18:27:44] TODO DONE: loop-037-2
[18:27:45] TODO DONE: loop-037-3
[18:29:22] TODO DONE: loop-037-4
